2026-09-15 18:25:30,574 INFO video_processor_gui | CoInitializeEx already set by Qt (hr=0x80010106)
2026-09-15 18:25:30,587 INFO video_processor_gui | Loaded video_processor from C:\Coding Projects\video_processor\build\src\Release\video_processor.cp312-win_amd64.pyd
2026-09-15 18:25:30,587 INFO video_processor_gui | Using worker-process video processor backend
2026-09-15 18:25:32,776 INFO video_processor_gui | STATUS: Preview request FPS set to 30
2026-09-15 18:25:32,777 INFO video_processor_gui | STATUS: Preview poll FPS cap set to 30
2026-09-15 18:25:32,778 INFO video_processor_gui | STATUS: Preview downsample set to Full (1:1) (100% linear size)
2026-09-15 18:25:32,781 INFO video_processor_gui | STATUS: Basic scaling method applied: Bicubic (Balanced) | effective scaling=1 (set Manual basic scaling to 4 or 8 to see visible method differences)
2026-09-15 18:25:32,784 INFO video_processor_gui | STATUS: Auto basic scaling max set to 2
2026-09-15 18:25:32,787 INFO video_processor_gui | STATUS: Reinterlace enabled
2026-09-15 18:25:32,789 INFO video_processor_gui | STATUS: Deinterlace method applied: edge_adaptive
2026-09-15 18:25:32,804 INFO video_processor_gui | Applied startup AI SR settings: enabled=False, model=C:\Coding Projects\video_processor\models\rt4ksr_x2_fp16.onnx, provider=auto, inference_fps=15, loading=False
2026-09-15 18:25:32,828 INFO video_processor_gui | DeckLink refresh: detected 2 device(s)
2026-09-15 18:25:32,828 INFO video_processor_gui | DeckLink refresh: input devices=1 output devices=1
2026-09-15 18:25:32,845 INFO video_processor_gui | STATUS: DeckLink settings changed. Click Apply DeckLink Settings to apply.
2026-09-15 18:25:32,866 INFO video_processor_gui | DeckLink sessions stopped
2026-09-15 18:25:33,195 INFO video_processor_gui | DeckLink output mode resolved | name=1080i59.94 | mode=1214854457 | interlaced=True | field_dominance_code=1970303090 | field_dominance_name=
2026-09-15 18:25:33,195 INFO video_processor_gui | DeckLink started: input=UltraStudio Recorder 3G [UltraStudio Recorder 3G] (index=1) mode=1080i59.94 (1920x1080, 29.97fps) output=UltraStudio Monitor 3G [UltraStudio Monitor 3G] (index=0) mode=1080i59.94 (1920x1080, 29.97fps) fps=in=29.97, out=29.97, selected=29.97 timecode=RP188 LTC HFRTC=unsupported
2026-09-15 18:25:33,195 INFO video_processor_gui | STATUS: Ready
2026-09-15 18:25:33,195 INFO video_processor_gui | STATUS: Ready | Processing backend: worker process
2026-09-15 18:25:33,195 INFO video_processor_gui | GUI initialized; default source mode=Blackmagic DeckLink
2026-09-15 18:25:33,437 INFO video_processor_gui | STATUS: DeckLink worker active but no input frames yet; check source signal and input mode
2026-09-15 18:25:34,013 WARNING video_processor_gui | HEALTH | level=critical | output_fps=2.33 | nominal_fps=29.97 | ratio=0.078 | interp_active=no | reasons=fps_drop=2.3/30.0 | timing[frames=2,dl_miss_ratio=0.000,dl_streak=0,dl_max=0,e2e_ema_ms=13.30,proc_ema_ms=12.21,cq_ema_ms=0.09,oq_ema_ms=0.00,ow_ema_ms=0.00,emit_ema_ms=1.00,late_ema_ms=0.00,path=basic_scaling_fast] | buffer[target=2,current=1,s=0,o=0,r=0,reason=]
2026-09-15 18:25:34,013 INFO video_processor_gui | STATUS: Running | Preview FPS=0.7 | Output FPS=2.3 | Basic scaling mode=Auto | Basic scaling method=Bicubic (Balanced) | effective scaling=1 | AI SR=off | AI refresh FPS=0.00 | AI age=-1ms | AI completed=0 | RTX VSR=off | RTX applied=no | RTX delta=0.00 | AI frames fresh=0, reused=0, pass=0 | Stage enabled[P=0 B=1 A=0 R=0] | Stage last[P=0 B=1 A=0 R=0] | Stage counts[P=0 B=2 A=0 R=0 X=0] | health=critical (steady) | out=2.3/30.0 | buf=1/2 | dl_miss=0.0% (streak=0) | e2e=13.3ms proc=12.2ms cq=0.1ms oq=0.0ms | fps_drop=2.3/30.0
2026-09-15 18:25:34,013 INFO video_processor_gui | PERF | preview_fps=0.7 | worker_fps=2.3 | acquire=0.65/5.32ms | process=5.47/5.47ms | output=0.00/0.00ms | conv_in=12.06/12.06ms | conv_out=5.00/5.00ms | tick=22.57/22.57ms
2026-09-15 18:25:34,013 INFO video_processor_gui | ROI_FIELD_GATE | active=False | interlaced=True | phase_present=False | phase_disabled=False | units=1.00 | phase2=0.50 | progress=0.000/0 | mode=linear
2026-09-15 18:25:35,038 INFO video_processor_gui | STATUS: Running | Preview FPS=21.4 | Output FPS=30.0 | Basic scaling mode=Auto | Basic scaling method=Bicubic (Balanced) | effective scaling=1 | AI SR=off | AI refresh FPS=0.00 | AI age=-1ms | AI completed=0 | RTX VSR=off | RTX applied=no | RTX delta=0.00 | AI frames fresh=0, reused=0, pass=0 | Stage enabled[P=0 B=1 A=0 R=0] | Stage last[P=0 B=1 A=0 R=0] | Stage counts[P=0 B=33 A=0 R=0 X=0] | health=ok (steady) | out=30.0/30.0 | buf=3/2
2026-09-15 18:25:35,039 INFO video_processor_gui | PERF | preview_fps=21.4 | worker_fps=30.0 | acquire=5.50/7.15ms | process=5.57/7.20ms | output=0.00/0.00ms | conv_in=5.36/7.43ms | conv_out=5.22/6.67ms | tick=15.71/19.68ms
2026-09-15 18:25:35,039 INFO video_processor_gui | ROI_FIELD_GATE | active=False | interlaced=True | phase_present=False | phase_disabled=False | units=1.00 | phase2=0.50 | progress=0.000/0 | mode=linear
2026-09-15 18:25:38,712 INFO video_processor_gui | DeckLink sessions stopped
